// Jest Snapshot v1, https://goo.gl/fbAQLP

exports[`matches snapshot 1`] = `
<DocumentFragment>
  <div
    class="modal-container"
    data-testid="modal-container"
  />
</DocumentFragment>
`;
