// Jest Snapshot v1, https://goo.gl/fbAQLP

exports[`matches snapshot 1`] = `
<DocumentFragment>
  <div>
    <ul
      data-testid="country-list"
    >
      <div
        class="LoadingSpinner"
      >
        Loading ...
      </div>
    </ul>
  </div>
</DocumentFragment>
`;
